#-----------------------------------------------------------
# Vivado v2018.3 (64-bit)
# SW Build 2405991 on Thu Dec  6 23:38:27 MST 2018
# IP Build 2404404 on Fri Dec  7 01:43:56 MST 2018
# Start of session at: Tue Feb 26 12:43:37 2019
# Process ID: 15508
# Current directory: D:/programming/vhdl_projects/Music_box
# Command line: vivado.exe -gui_launcher_event rodinguilauncherevent13400 D:\programming\vhdl_projects\Music_box\Music_box.xpr
# Log file: D:/programming/vhdl_projects/Music_box/vivado.log
# Journal file: D:/programming/vhdl_projects/Music_box\vivado.jou
#-----------------------------------------------------------
start_gui
open_project D:/programming/vhdl_projects/Music_box/Music_box.xpr
update_compile_order -fileset sources_1
launch_simulation
source top_block_tb.tcl
close_sim
launch_simulation
source top_block_tb.tcl
run 20 ms
relaunch_sim
run 20 ms
launch_simulation -mode post-synthesis -type functional
source top_block_tb.tcl
run 20 ms
relaunch_sim
run 10 ms
close_sim
close_sim
close_design
